============================================================
APIYI 图像生成模型全量测试
开始：2026-04-20 21:31:11
============================================================

[1/16] 
============================================================
测试：Nano Banana Pro (gemini-3-pro-image) - Nano Banana
时间：21:31:11
耗时：1.19s | 状态：503
❌ 失败：{'error': {'message': '当前分组 default 下对于模型 gemini-3-pro-image 计费模式 [按量计费,按次计费] 无可用渠道 (request id: 202604202131558458513063231718)', 'type': 'shell_api_error'}}

[2/16] 
============================================================
测试：Nano Banana 2 (gemini-3.1-flash-image-preview) - Nano Banana
时间：21:31:14
❌ 超时

[3/16] 
============================================================
测试：Nano Banana (gemini-2.5-flash-image-preview) - Nano Banana
时间：21:32:18
耗时：9.91s | 状态：200
✅ 成功！URL: iVBORw0KGgoAAAANSUhEUgAABAAAAAQACAIAAADwf7zUAAAXgG...

[4/16] 
============================================================
测试：GPT Image 1 (chatgpt-image-1) - GPT-Image
时间：21:32:30
耗时：1.13s | 状态：503
❌ 失败：{'error': {'message': '当前分组 default 下对于模型 chatgpt-image-1 计费模式 [按量计费,按次计费] 无可用渠道 (request id: 2026042021331413673081988855020)', 'type': 'shell_api_error'}}

[5/16] 
============================================================
测试：GPT Image 1 Mini (chatgpt-image-1-mini) - GPT-Image
时间：21:32:33
耗时：1.06s | 状态：503
❌ 失败：{'error': {'message': '当前分组 default 下对于模型 chatgpt-image-1-mini 计费模式 [按量计费,按次计费] 无可用渠道 (request id: 2026042021331724460165484523034)', 'type': 'shell_api_error'}}

[6/16] 
============================================================
测试：Flux Pro (flux-pro) - Flux
时间：21:32:36
耗时：4.36s | 状态：403
❌ 失败：{'error': {'message': '', 'localized_message': '', 'type': 'shell_api_error', 'param': '', 'code': 'bad_response_status_code'}}

[7/16] 
============================================================
测试：Flux Dev (flux-dev) - Flux
时间：21:32:43
耗时：8.89s | 状态：200
✅ 成功！URL: https://delivery.eu2.bfl.ai/results/5f/01212395ca0687/95ca06870d4c43b4bc828a35555f829a/sample.jpeg?se=2026-04-20T13%3A43%3A32Z&sp=r&sv=2026-02-06&sr=b&rsct=image/jpeg&sig=OEMAbdeFXI0Vja7lmzcqk69d9CPstmrVGC4A7kX0ELk%3D

[8/16] 
============================================================
测试：Flux Schnell (flux-schnell) - Flux
时间：21:32:54
耗时：1.07s | 状态：503
❌ 失败：{'error': {'message': '当前分组 default 下对于模型 flux-schnell 计费模式 [按量计费,按次计费] 无可用渠道 (request id: 2026042021333756407635848308470)', 'type': 'shell_api_error'}}

[9/16] 
============================================================
测试：Flux Kontext Pro (flux-kontext-pro) - Flux
时间：21:32:57
耗时：6.20s | 状态：200
✅ 成功！URL: https://delivery.eu2.bfl.ai/results/c2/023892cdc11e23/cdc11e2345604f44b01bf69504c68b6e/sample.png?se=2026-04-20T13%3A43%3A45Z&sp=r&sv=2026-02-06&sr=b&rsct=image/png&sig=aSc/YAMezHVXNxfOm8we4rj3p4Hg/y%2B/GWGlEsY2H%2Bc%3D

[10/16] 
============================================================
测试：Flux Kontext Max (flux-kontext-max) - Flux
时间：21:33:05
耗时：10.69s | 状态：200
✅ 成功！URL: https://delivery.us4.bfl.ai/results/ee/0367753bb1622a/3bb1622a7650400f997d48b36dbd54d3/sample.png?se=2026-04-20T13%3A43%3A57Z&sp=r&sv=2026-02-06&sr=b&rsct=image/png&sig=/C8H704dN9oiQ0qsif/KGKad5fsQUxECaRmWF5cLhhQ%3D

[11/16] 
============================================================
测试：SeeDream 5.0 (seedream-5-0) - Other
时间：21:33:18
耗时：1.10s | 状态：503
❌ 失败：{'error': {'message': '当前分组 default 下对于模型 seedream-5-0 计费模式 [按量计费,按次计费] 无可用渠道 (request id: 2026042021340152827848364931396)', 'type': 'shell_api_error'}}

[12/16] 
============================================================
测试：Sora Image (sora-image) - Other
时间：21:33:21
耗时：24.71s | 状态：200
✅ 成功！URL: data:image/png;base64,iVBORw0KGgoAAAANSUhEUgAABAAA...

[13/16] 
============================================================
测试：Recraft V3 (recraft-v3) - Other
时间：21:33:47
耗时：1.14s | 状态：503
❌ 失败：{'error': {'message': '当前分组 default 下对于模型 recraft-v3 计费模式 [按量计费,按次计费] 无可用渠道 (request id: 2026042021343134712093092279860)', 'type': 'shell_api_error'}}

[14/16] 
============================================================
测试：Ideogram 3 (ideogram-v3) - Other
时间：21:33:51
耗时：1.07s | 状态：503
❌ 失败：{'error': {'message': '当前分组 default 下对于模型 ideogram-v3 计费模式 [按量计费,按次计费] 无可用渠道 (request id: 2026042021343448424080090857809)', 'type': 'shell_api_error'}}

[15/16] 
============================================================
测试：Midjourney v7 (midjourney-v7) - Other
时间：21:33:54
耗时：1.05s | 状态：503
❌ 失败：{'error': {'message': '当前分组 default 下对于模型 midjourney-v7 计费模式 [按量计费,按次计费] 无可用渠道 (request id: 2026042021343753586446445263435)', 'type': 'shell_api_error'}}

[16/16] 
============================================================
测试：DALL-E 3 (dall-e-3) - Other
时间：21:33:57
❌ 超时


============================================================
结果汇总
============================================================
总计：16 | ✅ 成功：5 | ❌ 失败：11

详细：
❌ Nano Banana - Nano Banana Pro: failed
❌ Nano Banana - Nano Banana 2: timeout
✅ Nano Banana - Nano Banana: success
❌ GPT-Image - GPT Image 1: failed
❌ GPT-Image - GPT Image 1 Mini: failed
❌ Flux - Flux Pro: failed
✅ Flux - Flux Dev: success
❌ Flux - Flux Schnell: failed
✅ Flux - Flux Kontext Pro: success
✅ Flux - Flux Kontext Max: success
❌ Other - SeeDream 5.0: failed
✅ Other - Sora Image: success
❌ Other - Recraft V3: failed
❌ Other - Ideogram 3: failed
❌ Other - Midjourney v7: failed
❌ Other - DALL-E 3: timeout

结果已保存：test_results.json
